Renesas Optimizing Linker (W3.01.00 )             13-Feb-2019 18:10:37

*** Options ***

-subcommand=LinkerLCD.tmp
-device="C:\Renesas\e2_studio\DebugComp\\RL78\RL78\Common\DR5F10BGG.DVF"
-list="LCD.map"
-show=symbol,reference,xreference,total_size,vector,struct,relocation_attribute
-nooptimize
-entry=_start
-auto_section_layout
-security_id=00000000000000000000
-debug_monitor
-user_opt_byte=E9FFF8
-ocdbg=04
-input=".\generate\cstart.obj"
-input=".\generate\stkinit.obj"
-input=".\src\lcd.obj"
-input=".\src\r_cg_cgc.obj"
-input=".\src\r_cg_cgc_user.obj"
-input=".\src\r_cg_port.obj"
-input=".\src\r_cg_port_user.obj"
-input=".\src\r_main.obj"
-input=".\src\r_systeminit.obj"
-library="C:\Program Files (x86)\Renesas\RL78\1_8_0\lib\rl78em4s.lib"
-library="C:\Program Files (x86)\Renesas\RL78\1_8_0\lib\rl78em4r.lib"
-library="C:\Program Files (x86)\Renesas\RL78\1_8_0\lib\malloc_n.lib"
-output="LCD.abs"
-debug
-nocompress
-rom=.data=.dataR,.sdata=.sdataR
-stack
-nomessage
-nologo

*** Error information ***

*** Mapping List ***

SECTION                            START      END         SIZE   ALIGN ATTRIBUTE
.vect
                                  00000000  0000007f        80   0     OTHER
.constf
                                  00000080  00000080         0   2     CONSTF
.data
                                  00000080  00000080         0   2     DATA
.sdata
                                  00000080  00000080         0   2     SDATA
.option_byte
                                  000000c0  000000c3         4   1     OPT_BYTE
.security_id
                                  000000c4  000000cd         a   1     SECUR_ID
.RLIB
                                  000000c4  000000c4         0   1     TEXTF
.SLIB
                                  000000c4  000000c4         0   1     TEXTF
.monitor1
                                  000000ce  000000d7         a   1     DATA_AT
.text
                                  000000d8  00000131        5a   1     TEXT
.textf
                                  00000132  000002b7       186   1     TEXTF
.const
                                  00002000  00002029        2a   2     CONST
.monitor2
                                  0001fe00  0001ffff       200   1     DATA_AT
.bss
                                  000fdf00  000fdf00         0   2     BSS
.dataR
                                  000fdf00  000fdf00         0   2     DATA(R)
.sbss
                                  000ffe20  000ffe20         0   2     SBSS
.sdataR
                                  000ffe20  000ffe20         0   2     SDATA(R)

*** Total Section Size ***

RAMDATA SECTION:  00000000 Byte(s)
ROMDATA SECTION:  000002c2 Byte(s)
PROGRAM SECTION:  000001e0 Byte(s)

*** Symbol List ***

SECTION=
FILE=                               START        END    SIZE
  SYMBOL                            ADDR        SIZE    INFO      COUNTS  OPT
    STRUCT                                      SIZE
      MEMBER                        ADDR        SIZE    INFO

SECTION=.vect
FILE=rlink_generates_04
                                  00000000  0000007f        80

SECTION=.option_byte
FILE=rlink_generates_01
                                  000000c0  000000c3         4

SECTION=.security_id
FILE=rlink_generates_03
                                  000000c4  000000cd         a

SECTION=.monitor1
FILE=rlink_generates_02
                                  000000ce  000000d7         a

SECTION=.text
FILE=.\generate\cstart.obj
                                  000000d8  00000131        5a
  _start
                                  000000d8         0   entry,g         0
  _exit
                                  00000130         0   none ,g         1

SECTION=.textf
FILE=.\generate\stkinit.obj
                                  00000132  00000175        44
  _stkinit
                                  00000132         0   none ,g         1
  LSTINIT1
                                  00000140         0   none ,l         1
  LSTINIT2
                                  0000016a         0   none ,l         2
  LSTINIT3
                                  00000175         0   none ,l         2
FILE=.\src\lcd.obj
                                  00000176  00000205        90
  _lcdinit
                                  00000176        45   func ,g         1
  _scrollDisplayLeft
                                  000001bb         4   func ,g         0
  _scrollDisplayRight
                                  000001bf         4   func ,g         1
  _printlcd
                                  000001c3        18   func ,g         2
  _sendcmd
                                  000001db         7   func ,g         9
  _senddata
                                  000001e2         7   func ,g         1
  _trigger
                                  000001e9        16   func ,g         2
  _delay
                                  000001ff         7   func ,g         d
FILE=.\src\r_cg_cgc.obj
                                  00000206  00000230        2b
  _R_CGC_Create
                                  00000206        2b   func ,g         1
FILE=.\src\r_cg_cgc_user.obj
                                  00000231  00000233         3
  _R_CGC_Get_ResetSource
                                  00000231         3   func ,g         1
FILE=.\src\r_cg_port.obj
                                  00000234  00000242         f
  _R_PORT_Create
                                  00000234         f   func ,g         1
FILE=.\src\r_main.obj
                                  00000243  00000290        4e
  _main
                                  00000243        4a   func ,g         1
  _R_MAIN_UserInit
                                  0000028d         4   func ,g         0
FILE=.\src\r_systeminit.obj
                                  00000291  000002b7        27
  _R_Systeminit
                                  00000291        22   func ,g         1
  _hdwinit
                                  000002b3         5   func ,g         1

SECTION=.const
FILE=.\src\r_main.obj
                                  00002000  00002029        2a

SECTION=.monitor2
FILE=rlink_generates_02
                                  0001fe00  0001ffff       200

Absolute value symbols
FILE=rlink_generates_05
  __s.text
                                  000000d8         0   none ,g         0
  __e.text
                                  00000132         0   none ,g         0
  __s.textf
                                  00000132         0   none ,g         0
  __e.textf
                                  000002b8         0   none ,g         0
  __s.const
                                  00002000         0   none ,g         0
  __e.const
                                  0000202a         0   none ,g         0
  __s.constf
                                  00000080         0   none ,g         0
  __e.constf
                                  00000080         0   none ,g         0
  __s.data
                                  00000080         0   none ,g         0
  __e.data
                                  00000080         0   none ,g         0
  __s.sdata
                                  00000080         0   none ,g         0
  __e.sdata
                                  00000080         0   none ,g         0
  __s.bss
                                  000fdf00         0   none ,g         0
  __e.bss
                                  000fdf00         0   none ,g         0
  __s.sbss
                                  000ffe20         0   none ,g         0
  __e.sbss
                                  000ffe20         0   none ,g         0
  __s.dataR
                                  000fdf00         0   none ,g         0
  __e.dataR
                                  000fdf00         0   none ,g         0
  __s.sdataR
                                  000ffe20         0   none ,g         0
  __e.sdataR
                                  000ffe20         0   none ,g         0
  __s.RLIB
                                  000000c4         0   none ,g         0
  __e.RLIB
                                  000000c4         0   none ,g         0
  __s.SLIB
                                  000000c4         0   none ,g         0
  __e.SLIB
                                  000000c4         0   none ,g         0
  __s.option_byte
                                  000000c0         0   none ,g         0
  __e.option_byte
                                  000000c4         0   none ,g         0
  __s.monitor1
                                  000000ce         0   none ,g         0
  __e.monitor1
                                  000000d8         0   none ,g         0
  __s.monitor2
                                  0001fe00         0   none ,g         0
  __e.monitor2
                                  00020000         0   none ,g         0
  __s.security_id
                                  000000c4         0   none ,g         0
  __e.security_id
                                  000000ce         0   none ,g         0
  __s.vect
                                  00000000         0   none ,g         0
  __e.vect
                                  00000080         0   none ,g         0
  __RAM_ADDR_START
                                  000fdf00         0   none ,g         0
  __RAM_ADDR_END
                                  000ffee0         0   none ,g         0
  __STACK_ADDR_START
                                  000ffe20         0   none ,g         1
  __STACK_ADDR_END
                                  000fdf02         0   none ,g         1

*** Unfilled Areas ***

AREA                                START    END

*** Delete Symbols ***

SYMBOL                                SIZE    INFO

*** Variable Vector Table List ***

ADDRESS  SYMBOL/ADDRESS
00       _start
02       ffff
04       
06       
08       
0a       
0c       
0e       
10       
12       
14       
16       
18       
1a       
1c       
1e       
20       
22       
24       
26       
28       
2a       
2c       
2e       
30       
32       
34       
36       
38       
3a       
3c       
3e       
40       
42       
44       
46       
48       
4a       
4c       
4e       
50       
52       
54       
56       
58       
5a       
5c       
5e       
60       
62       
64       
66       
68       
6a       
6c       
6e       
70       
72       
74       
76       
78       
7a       
7c       
7e       

*** Cross Reference List ***

No   Unit Name   Global.Symbol   Location External Infomation
---- ----------- --------------- -------- ---------------------
0001 cstart
     SECTION=.text
                 _start
                                 000000d8
                 _exit
                                 00000130 0001(00000131:.text)
     SECTION=.textf
     SECTION=.const
     SECTION=.constf
     SECTION=.data
     SECTION=.sdata
     SECTION=.bss
     SECTION=.sbss
     SECTION=.dataR
     SECTION=.sdataR
     SECTION=.RLIB
     SECTION=.SLIB
     SECTION=.dataR
     SECTION=.sdataR
0002 stkinit
     SECTION=.textf
                 _stkinit
                                 00000132 0001(000000e0:.text)
0003 lcd
     SECTION=.textf
                 _lcdinit
                                 00000176 0008(0000024e:.textf)
                 _scrollDisplayLeft
                                 000001bb
                 _scrollDisplayRight
                                 000001bf 0008(00000274:.textf)
                 _printlcd
                                 000001c3 0008(0000025c:.textf)
                                          0008(00000270:.textf)
                 _sendcmd
                                 000001db 0003(0000017e:.textf)
                                          0003(00000189:.textf)
                                          0003(00000193:.textf)
                                          0003(0000019e:.textf)
                                          0003(000001a9:.textf)
                                          0003(000001b4:.textf)
                                          0003(000001be:.textf)
                                          0003(000001c2:.textf)
                                          0008(00000269:.textf)
                 _senddata
                                 000001e2 0003(000001ca:.textf)
                 _trigger
                                 000001e9 0003(000001e1:.textf)
                                          0003(000001e8:.textf)
                 _delay
                                 000001ff 0003(00000184:.textf)
                                          0003(0000018f:.textf)
                                          0003(00000199:.textf)
                                          0003(000001a4:.textf)
                                          0003(000001af:.textf)
                                          0003(000001ba:.textf)
                                          0003(000001d0:.textf)
                                          0003(000001f0:.textf)
                                          0003(000001f9:.textf)
                                          0008(0000024a:.textf)
                                          0008(00000255:.textf)
                                          0008(00000263:.textf)
                                          0008(0000027f:.textf)
0004 r_cg_cgc
     SECTION=.textf
                 _R_CGC_Create
                                 00000206 0009(000002a8:.textf)
0005 r_cg_cgc_user
     SECTION=.textf
                 _R_CGC_Get_ResetSource
                                 00000231 0009(000002a4:.textf)
0006 r_cg_port
     SECTION=.textf
                 _R_PORT_Create
                                 00000234 0009(000002ac:.textf)
0007 r_cg_port_user
0008 r_main
     SECTION=.textf
                 _main
                                 00000243 0001(0000012c:.text)
                 _R_MAIN_UserInit
                                 0000028d
     SECTION=.const
0009 r_systeminit
     SECTION=.textf
                 _R_Systeminit
                                 00000291 0009(000002b7:.textf)
                 _hdwinit
                                 000002b3 0001(000000e4:.text)
0010 rlink_generates_01
     SECTION=.option_byte
0011 rlink_generates_02
     SECTION=.monitor1
     SECTION=.monitor2
0012 rlink_generates_03
     SECTION=.security_id
0013 rlink_generates_04
     SECTION=.vect
0014 rlink_generates_05
     SECTION=
                 __s.vect
                                 00000000
                 __s.constf
                                 00000080
                 __e.constf
                                 00000080
                 __s.data
                                 00000080
                 __e.data
                                 00000080
                 __s.sdata
                                 00000080
                 __e.sdata
                                 00000080
                 __e.vect
                                 00000080
                 __s.option_byte
                                 000000c0
                 __s.RLIB
                                 000000c4
                 __e.RLIB
                                 000000c4
                 __s.SLIB
                                 000000c4
                 __e.SLIB
                                 000000c4
                 __e.option_byte
                                 000000c4
                 __s.security_id
                                 000000c4
                 __s.monitor1
                                 000000ce
                 __e.security_id
                                 000000ce
                 __s.text
                                 000000d8
                 __e.monitor1
                                 000000d8
                 __e.text
                                 00000132
                 __s.textf
                                 00000132
                 __e.textf
                                 000002b8
                 __s.const
                                 00002000
                 __e.const
                                 0000202a
                 __s.monitor2
                                 0001fe00
                 __e.monitor2
                                 00020000
                 __s.bss
                                 000fdf00
                 __e.bss
                                 000fdf00
                 __s.dataR
                                 000fdf00
                 __e.dataR
                                 000fdf00
                 __RAM_ADDR_START
                                 000fdf00
                 __STACK_ADDR_END
                                 000fdf02 0001(000000dd:.text)
                 __s.sbss
                                 000ffe20
                 __e.sbss
                                 000ffe20
                 __s.sdataR
                                 000ffe20
                 __e.sdataR
                                 000ffe20
                 __STACK_ADDR_START
                                 000ffe20 0001(000000da:.text)
                 __RAM_ADDR_END
                                 000ffee0
