Renesas Optimizing Linker (W3.01.00 )             13-Feb-2019 18:10:52

*** Options ***

-subcommand=LinkerLCD.tmp
-device="C:\Renesas\e2_studio\DebugComp\\RL78\RL78\Common\DR5F10BGG.DVF"
-list="LCD.map"
-nooptimize
-auto_section_layout
-security_id=00000000000000000000
-user_opt_byte=E9FFF8
-ocdbg=04
-input=".\generate\cstart.obj"
-input=".\generate\stkinit.obj"
-input=".\src\lcd.obj"
-input=".\src\r_cg_cgc.obj"
-input=".\src\r_cg_cgc_user.obj"
-input=".\src\r_cg_port.obj"
-input=".\src\r_cg_port_user.obj"
-input=".\src\r_main.obj"
-input=".\src\r_systeminit.obj"
-library="C:\Program Files (x86)\Renesas\RL78\1_8_0\lib\rl78em4s.lib"
-library="C:\Program Files (x86)\Renesas\RL78\1_8_0\lib\rl78em4r.lib"
-library="C:\Program Files (x86)\Renesas\RL78\1_8_0\lib\malloc_n.lib"
-output="LCD.abs"
-nodebug
-memory=high
-rom=.data=.dataR,.sdata=.sdataR
-nomessage
-nologo

*** Error information ***

*** Mapping List ***

SECTION                            START      END         SIZE   ALIGN
.vect
                                  00000000  0000007f        80   0
.constf
                                  00000080  00000080         0   2
.data
                                  00000080  00000080         0   2
.sdata
                                  00000080  00000080         0   2
.option_byte
                                  000000c0  000000c3         4   1
.security_id
                                  000000c4  000000cd         a   1
.RLIB
                                  000000c4  000000c4         0   1
.SLIB
                                  000000c4  000000c4         0   1
.text
                                  000000ce  00000127        5a   1
.textf
                                  00000128  000002ad       186   1
.const
                                  00002000  00002029        2a   2
.bss
                                  000fdf00  000fdf00         0   2
.dataR
                                  000fdf00  000fdf00         0   2
.sbss
                                  000ffe20  000ffe20         0   2
.sdataR
                                  000ffe20  000ffe20         0   2
